[     360ms] [LOG] %c            .-======-:.               
          .============-...           
         :====================-.      
      .:-========================.    
    :=============================.   
  .==========:'''''''''':=========:   
  ==========.            .========:   
  ==========-.          .-========:   
  ==============-      -===========:  
  .===========-.     :==============  
   ==========.      .===============. 
  :=========.            :==========  
  :=========-............-========-   
   =============================-:    
    -========================-:       
     .:-====================:         
              :===========-.          
                .:--==--:.            

  ######## ######## ########  
       ##  ##       ##     ## 
      ##   ##       ##     ## 
     ##    ######   ########  
    ##     ##       ##     
   ##      ##       ##     PRD
  ######## ######## ##     847d5c5
847d5c5 color: #6758FF;  @ https://zep.us/play/_next/static/chunks/pages/_app-a1525261b7c457a7.js:7
[     616ms] [LOG] [LoggerWorker] Worker loaded @ https://zep.us/play/_next/static/chunks/738.9735f63c426253a3.js:0
[    1111ms] [WARNING] using deprecated parameters for the initialization function; pass a single object instead @ https://zep.us/play/_next/static/chunks/pages/_app-a1525261b7c457a7.js:7
